/root/benchmark/vmitosis-workloads/bin/bench_graph500_mt -s 28 
<benchmark exec="/root/benchmark/vmitosis-workloads/bin/bench_graph500_mt">
<config>
  <openmp>on</openmp>  <memsize>1G <memsize>  <hugetlb>0</hugetlb>
  <data>-1</data>  <interference>0</interference>
</config>
<run>
Graph500 with scale 0
allocate edges
Allocating 32768 MB
Allocate Graph: xoff
Allocating 4096 MB
Allocate Graph: vlist
Allocating 2048 MB
Allocating 32 MB
Allocating 32 MB
alloc: xadjstore
Allocating 68025 MB
Allocate bfs_tree
Allocating 2048 MB
Allocate has_adj
Allocating 1024 MB
==============================================
Allocating 4096 MB
