--- updated netplan ---
/mnt/iccd-mlc-root/etc/netplan/01-all-eth-dhcp.yaml
network:
  version: 2
  renderer: networkd
  ethernets:
    qemu-usernet:
      match:
        name: "e*"
      dhcp4: false
      dhcp6: false
      addresses:
        - 10.0.2.15/24
      routes:
        - to: default
          via: 10.0.2.2
      nameservers:
        addresses:
          - 10.0.2.3
          - 8.8.8.8
/mnt/iccd-mlc-root/etc/netplan/50-cloud-init.yaml.disabled-for-mlc
network:
  version: 2
  ethernets:
    ens3:
      dhcp4: true
/mnt/iccd-mlc-root/etc/netplan/50-cloud-init.yaml.bak
network:
  version: 2
  ethernets:
    ens3:
      dhcp4: true
--- mlc ---
-rwxr-xr-x 1 root root 196K Jun 10 05:53 /mnt/iccd-mlc-root/root/mlc
