

 NAS Parallel Benchmarks (NPB3.4-OMP) - SP Benchmark

 No input file inputsp.data. Using compiled defaults
 Size:  800x 800x 800
 Iterations:   30    dt:    0.0003000
 Number of available threads:    32

 Time step    1
 Time step   20
 Unknown class
 RMS-norms of residual
           1                 NaN
           2                 NaN
           3                 NaN
           4                 NaN
           5                 NaN
 RMS-norms of solution error
           1                 NaN
           2                 NaN
           3                 NaN
           4                 NaN
           5                 NaN
 No reference values provided
 No verification performed


 SP Benchmark Completed.
 Class           =                        U
 Size            =            800x 800x 800
 Iterations      =                       30
 Time in seconds =                  1047.21
 Total threads   =                       32
 Avail threads   =                       32
 Mop/s total     =                 12839.05
 Mop/s/thread    =                   401.22
 Operation type  =           floating point
 Verification    =             UNSUCCESSFUL
 Version         =                    3.4.3
 Compile date    =              10 Jan 2025

 Compile options:
    FC           = gfortran
    FLINK        = $(FC)
    F_LIB        = (none)
    F_INC        = (none)
    FFLAGS       = -O3 -fopenmp
    FLINKFLAGS   = $(FFLAGS)
    RAND         = (none)


 Please send all errors/feedbacks to:

 NPB Development Team
 npb@nas.nasa.gov


