Database Benchmark:
  pid: 3279
settings:
  par-loading : 0
  pin-cpus    : 0
  slow-exit   : 0
  retry-txns  : 0
  backoff-txns: 0
  bench       : ycsb
  scale       : 550000
  num-cpus    : 32
  num-threads : 32
  db-type     : ndb-proto2
  basedir     : /root
  txn-flags   : 0
  ops/worker  : 200000000
  var-encode  : yes
  allocator   : jemalloc
  numa-memory : disabled
  logfiles : []
  assignments : []
  disable-gc : 0
  disable-snapshots : 0
  stats-server-sockfile: 
system properties:
  btree_internal_node_size: 264
  btree_leaf_node_size    : 312
  tuple_prefetch          : no
  btree_node_prefetch     : yes
ycsb settings:
  workload_mix: [100, 0, 0, 0]
[INFO] finished loading USERTABLE range [kstart=0, kend=17187500) - nkeys: 17187500
[INFO] finished loading USERTABLE range [kstart=17187500, kend=34375000) - nkeys: 17187500
[INFO] finished loading USERTABLE range [kstart=34375000, kend=51562500) - nkeys: 17187500
[INFO] finished loading USERTABLE range [kstart=51562500, kend=68750000) - nkeys: 17187500
[INFO] finished loading USERTABLE range [kstart=68750000, kend=85937500) - nkeys: 17187500
[INFO] finished loading USERTABLE range [kstart=85937500, kend=103125000) - nkeys: 17187500
[INFO] finished loading USERTABLE range [kstart=103125000, kend=120312500) - nkeys: 17187500
[INFO] finished loading USERTABLE range [kstart=120312500, kend=137500000) - nkeys: 17187500
[INFO] finished loading USERTABLE range [kstart=137500000, kend=154687500) - nkeys: 17187500
[INFO] finished loading USERTABLE range [kstart=154687500, kend=171875000) - nkeys: 17187500
[INFO] finished loading USERTABLE range [kstart=171875000, kend=189062500) - nkeys: 17187500
[INFO] finished loading USERTABLE range [kstart=189062500, kend=206250000) - nkeys: 17187500
[INFO] finished loading USERTABLE range [kstart=206250000, kend=223437500) - nkeys: 17187500
[INFO] finished loading USERTABLE range [kstart=223437500, kend=240625000) - nkeys: 17187500
[INFO] finished loading USERTABLE range [kstart=240625000, kend=257812500) - nkeys: 17187500
[INFO] finished loading USERTABLE range [kstart=257812500, kend=275000000) - nkeys: 17187500
[INFO] finished loading USERTABLE range [kstart=275000000, kend=292187500) - nkeys: 17187500
[INFO] finished loading USERTABLE range [kstart=292187500, kend=309375000) - nkeys: 17187500
[INFO] finished loading USERTABLE range [kstart=309375000, kend=326562500) - nkeys: 17187500
[INFO] finished loading USERTABLE range [kstart=326562500, kend=343750000) - nkeys: 17187500
[INFO] finished loading USERTABLE range [kstart=343750000, kend=360937500) - nkeys: 17187500
[INFO] finished loading USERTABLE range [kstart=360937500, kend=378125000) - nkeys: 17187500
[INFO] finished loading USERTABLE range [kstart=378125000, kend=395312500) - nkeys: 17187500
[INFO] finished loading USERTABLE range [kstart=395312500, kend=412500000) - nkeys: 17187500
[INFO] finished loading USERTABLE range [kstart=412500000, kend=429687500) - nkeys: 17187500
[INFO] finished loading USERTABLE range [kstart=429687500, kend=446875000) - nkeys: 17187500
[INFO] finished loading USERTABLE range [kstart=446875000, kend=464062500) - nkeys: 17187500
[INFO] finished loading USERTABLE range [kstart=464062500, kend=481250000) - nkeys: 17187500
[INFO] finished loading USERTABLE range [kstart=481250000, kend=498437500) - nkeys: 17187500
[INFO] finished loading USERTABLE range [kstart=498437500, kend=515625000) - nkeys: 17187500
[INFO] finished loading USERTABLE range [kstart=515625000, kend=532812500) - nkeys: 17187500
[INFO] finished loading USERTABLE range [kstart=532812500, kend=550000000) - nkeys: 17187500
timed region dataloading took 123858 ms
DB size: 81586.9 MB
wait_an_epoch(): consistent reads happening in e-1: 121
[0, 0, 0] txns persisted in loading phase
table USERTABLE size 550000000
starting benchmark...
time: 5 throughput: 1.20022e+07 ops/sec
time: 10 throughput: 1.20096e+07 ops/sec
time: 15 throughput: 1.16374e+07 ops/sec
time: 20 throughput: 1.02162e+07 ops/sec
time: 25 throughput: 8.43818e+06 ops/sec
time: 30 throughput: 8.4348e+06 ops/sec
time: 35 throughput: 8.43228e+06 ops/sec
time: 40 throughput: 8.42835e+06 ops/sec
time: 45 throughput: 8.43764e+06 ops/sec
time: 50 throughput: 8.42484e+06 ops/sec
time: 55 throughput: 8.43687e+06 ops/sec
time: 60 throughput: 8.43583e+06 ops/sec
time: 65 throughput: 8.43326e+06 ops/sec
time: 70 throughput: 8.43016e+06 ops/sec
time: 75 throughput: 8.43411e+06 ops/sec
time: 80 throughput: 8.41849e+06 ops/sec
time: 85 throughput: 8.43402e+06 ops/sec
time: 90 throughput: 8.4346e+06 ops/sec
time: 95 throughput: 8.43204e+06 ops/sec
time: 100 throughput: 8.43012e+06 ops/sec
time: 105 throughput: 8.42999e+06 ops/sec
time: 110 throughput: 8.41974e+06 ops/sec
time: 115 throughput: 8.42663e+06 ops/sec
time: 120 throughput: 8.43341e+06 ops/sec
time: 125 throughput: 8.43968e+06 ops/sec
time: 130 throughput: 8.43397e+06 ops/sec
time: 135 throughput: 8.43733e+06 ops/sec
time: 140 throughput: 8.43649e+06 ops/sec
time: 145 throughput: 8.4307e+06 ops/sec
time: 150 throughput: 8.43582e+06 ops/sec
time: 155 throughput: 8.43534e+06 ops/sec
time: 160 throughput: 8.43251e+06 ops/sec
time: 165 throughput: 8.4351e+06 ops/sec
time: 170 throughput: 8.433e+06 ops/sec
time: 175 throughput: 8.4277e+06 ops/sec
time: 180 throughput: 8.43423e+06 ops/sec
time: 185 throughput: 8.41739e+06 ops/sec
time: 190 throughput: 8.42987e+06 ops/sec
time: 195 throughput: 8.42948e+06 ops/sec
time: 200 throughput: 8.43205e+06 ops/sec
time: 205 throughput: 8.42549e+06 ops/sec
time: 210 throughput: 8.43359e+06 ops/sec
time: 215 throughput: 8.43254e+06 ops/sec
time: 220 throughput: 8.43086e+06 ops/sec
time: 225 throughput: 8.4366e+06 ops/sec
time: 230 throughput: 8.435e+06 ops/sec
time: 235 throughput: 8.4222e+06 ops/sec
time: 240 throughput: 8.43349e+06 ops/sec
time: 245 throughput: 8.43563e+06 ops/sec
time: 250 throughput: 8.43508e+06 ops/sec
time: 255 throughput: 8.43273e+06 ops/sec
time: 260 throughput: 8.43788e+06 ops/sec
time: 265 throughput: 8.42628e+06 ops/sec
time: 270 throughput: 8.43176e+06 ops/sec
time: 275 throughput: 8.43434e+06 ops/sec
time: 280 throughput: 8.43087e+06 ops/sec
time: 285 throughput: 8.42896e+06 ops/sec
time: 290 throughput: 8.44109e+06 ops/sec
time: 295 throughput: 8.42218e+06 ops/sec
time: 300 throughput: 8.43771e+06 ops/sec
time: 305 throughput: 8.43097e+06 ops/sec
time: 310 throughput: 8.43351e+06 ops/sec
time: 315 throughput: 8.43494e+06 ops/sec
time: 320 throughput: 8.47161e+06 ops/sec
time: 325 throughput: 8.42561e+06 ops/sec
time: 330 throughput: 8.43948e+06 ops/sec
time: 335 throughput: 8.43396e+06 ops/sec
time: 340 throughput: 8.43196e+06 ops/sec
time: 345 throughput: 8.43069e+06 ops/sec
time: 350 throughput: 8.43116e+06 ops/sec
time: 355 throughput: 8.43553e+06 ops/sec
time: 360 throughput: 8.42571e+06 ops/sec
time: 365 throughput: 8.4276e+06 ops/sec
time: 370 throughput: 8.43169e+06 ops/sec
time: 375 throughput: 8.43473e+06 ops/sec
time: 380 throughput: 8.43307e+06 ops/sec
time: 385 throughput: 8.43422e+06 ops/sec
time: 390 throughput: 8.42978e+06 ops/sec
time: 395 throughput: 8.43487e+06 ops/sec
time: 400 throughput: 8.43243e+06 ops/sec
time: 405 throughput: 8.4356e+06 ops/sec
time: 410 throughput: 8.43292e+06 ops/sec
time: 415 throughput: 8.43703e+06 ops/sec
time: 420 throughput: 8.42741e+06 ops/sec
time: 425 throughput: 8.43074e+06 ops/sec
time: 430 throughput: 8.43066e+06 ops/sec
time: 435 throughput: 8.43707e+06 ops/sec
time: 440 throughput: 8.43302e+06 ops/sec
time: 445 throughput: 8.43569e+06 ops/sec
time: 450 throughput: 8.43198e+06 ops/sec
time: 455 throughput: 8.44074e+06 ops/sec
time: 460 throughput: 8.43432e+06 ops/sec
time: 465 throughput: 8.43368e+06 ops/sec
time: 470 throughput: 8.4315e+06 ops/sec
time: 475 throughput: 8.43775e+06 ops/sec
time: 480 throughput: 8.42065e+06 ops/sec
time: 485 throughput: 8.43118e+06 ops/sec
time: 490 throughput: 8.43311e+06 ops/sec
time: 495 throughput: 8.43636e+06 ops/sec
time: 500 throughput: 8.43525e+06 ops/sec
time: 505 throughput: 8.43711e+06 ops/sec
time: 510 throughput: 8.42641e+06 ops/sec
time: 515 throughput: 8.43646e+06 ops/sec
time: 520 throughput: 8.44365e+06 ops/sec
time: 525 throughput: 8.43553e+06 ops/sec
time: 530 throughput: 8.43222e+06 ops/sec
time: 535 throughput: 8.43041e+06 ops/sec
time: 540 throughput: 8.41791e+06 ops/sec
time: 545 throughput: 8.43644e+06 ops/sec
time: 550 throughput: 8.43172e+06 ops/sec
time: 555 throughput: 8.43404e+06 ops/sec
time: 560 throughput: 8.43392e+06 ops/sec
time: 565 throughput: 8.43325e+06 ops/sec
time: 570 throughput: 8.43739e+06 ops/sec
time: 575 throughput: 8.42935e+06 ops/sec
time: 580 throughput: 8.43458e+06 ops/sec
time: 585 throughput: 8.43251e+06 ops/sec
time: 590 throughput: 8.43277e+06 ops/sec
time: 595 throughput: 8.43437e+06 ops/sec
time: 600 throughput: 8.44537e+06 ops/sec
time: 605 throughput: 8.42527e+06 ops/sec
time: 610 throughput: 8.43234e+06 ops/sec
time: 615 throughput: 8.43488e+06 ops/sec
time: 620 throughput: 8.4313e+06 ops/sec
time: 625 throughput: 8.43285e+06 ops/sec
time: 630 throughput: 8.43825e+06 ops/sec
time: 635 throughput: 8.42738e+06 ops/sec
time: 640 throughput: 8.43579e+06 ops/sec
time: 645 throughput: 8.43332e+06 ops/sec
time: 650 throughput: 8.4363e+06 ops/sec
time: 655 throughput: 8.43018e+06 ops/sec
time: 660 throughput: 8.43541e+06 ops/sec
time: 665 throughput: 8.4257e+06 ops/sec
time: 670 throughput: 8.43598e+06 ops/sec
time: 675 throughput: 8.48509e+06 ops/sec
time: 680 throughput: 8.43463e+06 ops/sec
time: 685 throughput: 8.43564e+06 ops/sec
time: 690 throughput: 8.42976e+06 ops/sec
time: 695 throughput: 8.424e+06 ops/sec
time: 700 throughput: 8.44253e+06 ops/sec
time: 705 throughput: 8.4339e+06 ops/sec
time: 710 throughput: 8.4341e+06 ops/sec
time: 715 throughput: 8.43717e+06 ops/sec
time: 720 throughput: 8.43606e+06 ops/sec
time: 725 throughput: 8.44113e+06 ops/sec
time: 730 throughput: 8.42918e+06 ops/sec
time: 735 throughput: 8.43636e+06 ops/sec
time: 740 throughput: 8.43707e+06 ops/sec
time: 745 throughput: 1.20744e+07 ops/sec
--- table statistics ---
table USERTABLE size 550000000 (+0 records)
--- benchmark statistics ---
runtime: 745.078 sec
memory delta: -12.8477 MB
memory delta rate: -0.0172434 MB/sec
logical memory delta: 0 MB
logical memory delta rate: 0 MB/sec
agg_nosync_throughput: 8.53836e+06 ops/sec
avg_nosync_per_core_throughput: 266824 ops/sec/core
agg_throughput: 8.53836e+06 ops/sec
avg_per_core_throughput: 266824 ops/sec/core
agg_persist_throughput: 8.53836e+06 ops/sec
avg_per_core_persist_throughput: 266824 ops/sec/core
avg_latency: 0.00371027 ms
avg_persist_latency: 0 ms
agg_abort_rate: 0 aborts/sec
avg_per_core_abort_rate: 0 aborts/sec/core
txn breakdown: [[Read, 6361748743]]
--- system counters (for benchmark) ---
--- perf counters (if enabled, for benchmark) ---
--- allocator stats ---
[allocator] ncpus=0
---------------------------------------
dumping heap profile...
printing jemalloc stats...
