[2026-05-20T07:20:42Z] start workload=pr cap=8g case=off
[2026-05-20T07:23:43Z] done workload=pr cap=8g case=off
[2026-05-20T07:23:43Z] start workload=pr cap=8g case=on
[2026-05-20T07:31:48Z] done workload=pr cap=8g case=on
[2026-05-20T07:31:48Z] start workload=pr cap=8g case=oneshot-w5
[2026-05-20T07:35:01Z] done workload=pr cap=8g case=oneshot-w5
[2026-05-20T07:35:01Z] start workload=pr cap=8g case=toggle-w5
[2026-05-20T07:42:17Z] done workload=pr cap=8g case=toggle-w5
[2026-05-20T07:42:17Z] start workload=pr cap=8g case=oneshot-w10
[2026-05-20T07:45:50Z] done workload=pr cap=8g case=oneshot-w10
[2026-05-20T07:45:50Z] start workload=pr cap=8g case=toggle-w10
[2026-05-20T07:51:10Z] done workload=pr cap=8g case=toggle-w10
[2026-05-20T07:51:10Z] start workload=pr cap=8g case=oneshot-w20
[2026-05-20T07:54:45Z] done workload=pr cap=8g case=oneshot-w20
[2026-05-20T07:54:45Z] start workload=pr cap=8g case=toggle-w20
[2026-05-20T08:00:26Z] done workload=pr cap=8g case=toggle-w20
[2026-05-20T08:00:26Z] start workload=pr cap=16g case=off
[2026-05-20T08:03:25Z] done workload=pr cap=16g case=off
[2026-05-20T08:03:25Z] start workload=pr cap=16g case=on
[2026-05-20T08:08:46Z] done workload=pr cap=16g case=on
[2026-05-20T08:08:46Z] start workload=pr cap=16g case=oneshot-w5
[2026-05-20T08:11:51Z] done workload=pr cap=16g case=oneshot-w5
[2026-05-20T08:11:51Z] start workload=pr cap=16g case=toggle-w5
[2026-05-20T08:15:51Z] done workload=pr cap=16g case=toggle-w5
[2026-05-20T08:15:51Z] start workload=pr cap=16g case=oneshot-w10
[2026-05-20T08:19:09Z] done workload=pr cap=16g case=oneshot-w10
[2026-05-20T08:19:09Z] start workload=pr cap=16g case=toggle-w10
[2026-05-20T08:22:55Z] done workload=pr cap=16g case=toggle-w10
[2026-05-20T08:22:55Z] start workload=pr cap=16g case=oneshot-w20
[2026-05-20T08:26:22Z] done workload=pr cap=16g case=oneshot-w20
[2026-05-20T08:26:22Z] start workload=pr cap=16g case=toggle-w20
[2026-05-20T08:30:16Z] done workload=pr cap=16g case=toggle-w20
[2026-05-20T08:30:16Z] start workload=bc cap=8g case=off
[2026-05-20T08:32:57Z] done workload=bc cap=8g case=off
[2026-05-20T08:32:57Z] start workload=bc cap=8g case=on
[2026-05-20T08:40:30Z] done workload=bc cap=8g case=on
[2026-05-20T08:40:30Z] start workload=bc cap=8g case=oneshot-w5
[2026-05-20T08:46:43Z] done workload=bc cap=8g case=oneshot-w5
[2026-05-20T08:46:43Z] start workload=bc cap=8g case=toggle-w5
[2026-05-20T08:54:31Z] done workload=bc cap=8g case=toggle-w5
[2026-05-20T08:54:31Z] start workload=bc cap=8g case=oneshot-w10
[2026-05-20T08:59:25Z] done workload=bc cap=8g case=oneshot-w10
[2026-05-20T08:59:25Z] start workload=bc cap=8g case=toggle-w10
[2026-05-20T09:06:39Z] done workload=bc cap=8g case=toggle-w10
[2026-05-20T09:06:39Z] start workload=bc cap=8g case=oneshot-w20
[2026-05-20T09:13:23Z] done workload=bc cap=8g case=oneshot-w20
[2026-05-20T09:13:23Z] start workload=bc cap=8g case=toggle-w20
[2026-05-20T09:20:21Z] done workload=bc cap=8g case=toggle-w20
[2026-05-20T09:20:21Z] start workload=bc cap=16g case=off
[2026-05-20T09:27:23Z] done workload=bc cap=16g case=off
[2026-05-20T09:27:23Z] start workload=bc cap=16g case=on
[2026-05-20T09:32:59Z] done workload=bc cap=16g case=on
[2026-05-20T09:32:59Z] start workload=bc cap=16g case=oneshot-w5
[2026-05-20T09:36:24Z] done workload=bc cap=16g case=oneshot-w5
[2026-05-20T09:36:24Z] start workload=bc cap=16g case=toggle-w5
[2026-05-20T09:42:04Z] done workload=bc cap=16g case=toggle-w5
[2026-05-20T09:42:04Z] start workload=bc cap=16g case=oneshot-w10
[2026-05-20T09:45:11Z] done workload=bc cap=16g case=oneshot-w10
[2026-05-20T09:45:11Z] start workload=bc cap=16g case=toggle-w10
[2026-05-20T09:50:47Z] done workload=bc cap=16g case=toggle-w10
[2026-05-20T09:50:47Z] start workload=bc cap=16g case=oneshot-w20
[2026-05-20T09:54:45Z] done workload=bc cap=16g case=oneshot-w20
[2026-05-20T09:54:45Z] start workload=bc cap=16g case=toggle-w20
[2026-05-20T09:59:27Z] done workload=bc cap=16g case=toggle-w20
[2026-05-20T09:59:27Z] all latest full sweep cases complete; summary=/root/gapbs-full-latest-policy-window-sweep/summary.csv
