[2026-05-20T05:13:18Z] start workload=pr cap=8g window=5s policy=toggle
[2026-05-20T05:20:38Z] done workload=pr cap=8g window=5s policy=toggle
[2026-05-20T05:20:38Z] start workload=pr cap=16g window=5s policy=toggle
[2026-05-20T05:26:43Z] done workload=pr cap=16g window=5s policy=toggle
[2026-05-20T05:26:43Z] start workload=pr cap=8g window=10s policy=toggle
[2026-05-20T05:31:53Z] done workload=pr cap=8g window=10s policy=toggle
[2026-05-20T05:31:53Z] start workload=pr cap=16g window=10s policy=toggle
[2026-05-20T05:36:22Z] done workload=pr cap=16g window=10s policy=toggle
[2026-05-20T05:36:22Z] start workload=pr cap=8g window=20s policy=toggle
[2026-05-20T05:41:23Z] done workload=pr cap=8g window=20s policy=toggle
[2026-05-20T05:41:23Z] start workload=pr cap=16g window=20s policy=toggle
[2026-05-20T05:45:44Z] done workload=pr cap=16g window=20s policy=toggle
[2026-05-20T05:45:44Z] start workload=bc cap=8g window=5s policy=toggle
[2026-05-20T05:53:03Z] done workload=bc cap=8g window=5s policy=toggle
[2026-05-20T05:53:03Z] start workload=bc cap=16g window=5s policy=toggle
[2026-05-20T05:58:17Z] done workload=bc cap=16g window=5s policy=toggle
[2026-05-20T05:58:17Z] start workload=bc cap=8g window=10s policy=toggle
[2026-05-20T06:05:38Z] done workload=bc cap=8g window=10s policy=toggle
[2026-05-20T06:05:38Z] start workload=bc cap=16g window=10s policy=toggle
[2026-05-20T06:08:37Z] done workload=bc cap=16g window=10s policy=toggle
[2026-05-20T06:08:37Z] start workload=bc cap=8g window=20s policy=toggle
[2026-05-20T06:15:42Z] done workload=bc cap=8g window=20s policy=toggle
[2026-05-20T06:15:42Z] start workload=bc cap=16g window=20s policy=toggle
[2026-05-20T06:18:48Z] done workload=bc cap=16g window=20s policy=toggle
[2026-05-20T06:18:48Z] all toggle cases complete; summary=/root/gapbs-toggle-ours-window-sweep/summary.csv
