

 NAS Parallel Benchmarks (NPB3.4-OMP) - FT Benchmark

 Size                : 2048x1024x 512
 Iterations                  :    100
 Number of available threads :     32

 T =    1     Checksum =    5.113457198894D+02    5.121399834481D+02
 T =    2     Checksum =    5.115771172192D+02    5.123056403986D+02
 T =    3     Checksum =    5.116720464192D+02    5.123349222444D+02
 T =    4     Checksum =    5.117128037586D+02    5.123387473062D+02
 T =    5     Checksum =    5.117392232210D+02    5.123370420696D+02
 T =    6     Checksum =    5.117618008202D+02    5.123335809815D+02
 T =    7     Checksum =    5.117826028293D+02    5.123289528349D+02
 T =    8     Checksum =    5.118017749163D+02    5.123233556336D+02
 T =    9     Checksum =    5.118192260339D+02    5.123170112514D+02
 T =   10     Checksum =    5.118349656574D+02    5.123101538866D+02
 T =   11     Checksum =    5.118491086629D+02    5.123029899507D+02
 T =   12     Checksum =    5.118618246307D+02    5.122956819509D+02
 T =   13     Checksum =    5.118732967082D+02    5.122883491759D+02
 T =   14     Checksum =    5.118836980968D+02    5.122810751006D+02
 T =   15     Checksum =    5.118931816113D+02    5.122739159490D+02
 T =   16     Checksum =    5.119018769335D+02    5.122669081782D+02
 T =   17     Checksum =    5.119098917640D+02    5.122600743103D+02
 T =   18     Checksum =    5.119173146018D+02    5.122534272164D+02
 T =   19     Checksum =    5.119242179390D+02    5.122469731633D+02
 T =   20     Checksum =    5.119306612850D+02    5.122407139400D+02
 T =   21     Checksum =    5.119366937857D+02    5.122346483290D+02
 T =   22     Checksum =    5.119423563830D+02    5.122287731208D+02
 T =   23     Checksum =    5.119476835405D+02    5.122230838119D+02
 T =   24     Checksum =    5.119527045989D+02    5.122175750881D+02
 T =   25     Checksum =    5.119574448265D+02    5.122122411584D+02
 T =   26     Checksum =    5.119619262288D+02    5.122070759864D+02
 T =   27     Checksum =    5.119661681708D+02    5.122020734517D+02
 T =   28     Checksum =    5.119701878558D+02    5.121972274598D+02
 T =   29     Checksum =    5.119740006942D+02    5.121925320189D+02
 T =   30     Checksum =    5.119776205901D+02    5.121879812904D+02
 T =   31     Checksum =    5.119810601661D+02    5.121835696220D+02
 T =   32     Checksum =    5.119843309401D+02    5.121792915682D+02
 T =   33     Checksum =    5.119874434677D+02    5.121751419012D+02
 T =   34     Checksum =    5.119904074567D+02    5.121711156153D+02
 T =   35     Checksum =    5.119932318621D+02    5.121672079268D+02
 T =   36     Checksum =    5.119959249646D+02    5.121634142704D+02
 T =   37     Checksum =    5.119984944374D+02    5.121597302932D+02
 T =   38     Checksum =    5.120009474030D+02    5.121561518472D+02
 T =   39     Checksum =    5.120032904829D+02    5.121526749810D+02
 T =   40     Checksum =    5.120055298406D+02    5.121492959310D+02
 T =   41     Checksum =    5.120076712200D+02    5.121460111119D+02
 T =   42     Checksum =    5.120097199796D+02    5.121428171077D+02
 T =   43     Checksum =    5.120116811230D+02    5.121397106627D+02
 T =   44     Checksum =    5.120135593266D+02    5.121366886726D+02
 T =   45     Checksum =    5.120153589645D+02    5.121337481759D+02
 T =   46     Checksum =    5.120170841316D+02    5.121308863461D+02
 T =   47     Checksum =    5.120187386641D+02    5.121281004839D+02
 T =   48     Checksum =    5.120203261587D+02    5.121253880098D+02
 T =   49     Checksum =    5.120218499900D+02    5.121227464577D+02
 T =   50     Checksum =    5.120233133265D+02    5.121201734678D+02
 T =   51     Checksum =    5.120247191453D+02    5.121176667814D+02
 T =   52     Checksum =    5.120260702458D+02    5.121152242347D+02
 T =   53     Checksum =    5.120273692619D+02    5.121128437537D+02
 T =   54     Checksum =    5.120286186737D+02    5.121105233495D+02
 T =   55     Checksum =    5.120298208182D+02    5.121082611134D+02
 T =   56     Checksum =    5.120309778986D+02    5.121060552128D+02
 T =   57     Checksum =    5.120320919940D+02    5.121039038874D+02
 T =   58     Checksum =    5.120331650671D+02    5.121018054451D+02
 T =   59     Checksum =    5.120341989723D+02    5.120997582591D+02
 T =   60     Checksum =    5.120351954630D+02    5.120977607638D+02
 T =   61     Checksum =    5.120361561974D+02    5.120958114528D+02
 T =   62     Checksum =    5.120370827455D+02    5.120939088752D+02
 T =   63     Checksum =    5.120379765942D+02    5.120920516335D+02
 T =   64     Checksum =    5.120388391527D+02    5.120902383809D+02
 T =   65     Checksum =    5.120396717576D+02    5.120884678190D+02
 T =   66     Checksum =    5.120404756767D+02    5.120867386957D+02
 T =   67     Checksum =    5.120412521141D+02    5.120850498029D+02
 T =   68     Checksum =    5.120420022131D+02    5.120833999750D+02
 T =   69     Checksum =    5.120427270608D+02    5.120817880867D+02
 T =   70     Checksum =    5.120434276907D+02    5.120802130513D+02
 T =   71     Checksum =    5.120441050861D+02    5.120786738195D+02
 T =   72     Checksum =    5.120447601831D+02    5.120771693772D+02
 T =   73     Checksum =    5.120453938729D+02    5.120756987448D+02
 T =   74     Checksum =    5.120460070050D+02    5.120742609752D+02
 T =   75     Checksum =    5.120466003889D+02    5.120728551529D+02
 T =   76     Checksum =    5.120471747967D+02    5.120714803925D+02
 T =   77     Checksum =    5.120477309649D+02    5.120701358377D+02
 T =   78     Checksum =    5.120482695965D+02    5.120688206602D+02
 T =   79     Checksum =    5.120487913627D+02    5.120675340586D+02
 T =   80     Checksum =    5.120492969047D+02    5.120662752573D+02
 T =   81     Checksum =    5.120497868350D+02    5.120650435055D+02
 T =   82     Checksum =    5.120502617393D+02    5.120638380766D+02
 T =   83     Checksum =    5.120507221776D+02    5.120626582670D+02
 T =   84     Checksum =    5.120511686853D+02    5.120615033954D+02
 T =   85     Checksum =    5.120516017751D+02    5.120603728019D+02
 T =   86     Checksum =    5.120520219373D+02    5.120592658475D+02
 T =   87     Checksum =    5.120524296418D+02    5.120581819129D+02
 T =   88     Checksum =    5.120528253381D+02    5.120571203982D+02
 T =   89     Checksum =    5.120532094572D+02    5.120560807221D+02
 T =   90     Checksum =    5.120535824120D+02    5.120550623213D+02
 T =   91     Checksum =    5.120539445981D+02    5.120540646496D+02
 T =   92     Checksum =    5.120542963949D+02    5.120530871777D+02
 T =   93     Checksum =    5.120546381664D+02    5.120521293924D+02
 T =   94     Checksum =    5.120549702614D+02    5.120511907959D+02
 T =   95     Checksum =    5.120552930147D+02    5.120502709059D+02
 T =   96     Checksum =    5.120556067477D+02    5.120493692542D+02
 T =   97     Checksum =    5.120559117686D+02    5.120484853868D+02
 T =   98     Checksum =    5.120562083736D+02    5.120476188635D+02
 T =   99     Checksum =    5.120564968470D+02    5.120467692569D+02
 T =  100     Checksum =    5.120567774617D+02    5.120459361524D+02
 class = U


 FT Benchmark Completed.
 Class           =                        U
 Size            =           2048x1024x 512
 Iterations      =                      100
 Time in seconds =                   599.42
 Total threads   =                       32
 Avail threads   =                       32
 Mop/s total     =                 28093.39
 Mop/s/thread    =                   877.92
 Operation type  =           floating point
 Verification    =             UNSUCCESSFUL
 Version         =                    3.4.3
 Compile date    =              10 Jan 2025

 Compile options:
    FC           = gfortran
    FLINK        = $(FC)
    F_LIB        = (none)
    F_INC        = (none)
    FFLAGS       = -O3 -fopenmp
    FLINKFLAGS   = $(FFLAGS)
    RAND         = randi8


 Please send all errors/feedbacks to:

 NPB Development Team
 npb@nas.nasa.gov


