kernel.numa_balancing = 2
--- config
global_numa=2
node_balancing=2
demotion=0
node_capacity=node0 524288
node1 0
node_high_wmark=node0 513802
node1 0
lru_gen=0x0007
--- reclaimd before
running 0
wake_count 0
run_count 0
pending_nodes 
inflight_nodes 
mode 0
node0_capacity 524288
node0_low_wmark 498073
node0_high_wmark 513802
node0_usage_lru 0
node0_usage_exact 0
node0_over_high 0
node0_failures 0
node0_cooldown_ms 0
node1_capacity 0
node1_low_wmark 0
node1_high_wmark 0
node1_usage_lru 0
node1_usage_exact 0
node1_over_high 0
node1_failures 0
node1_cooldown_ms 0
runner_bashpid=1983 cgroup=0::/cap_mb4
mode=bw bw_kernel=read hugepage=none prefault=1 seed=1311768467463790320
arena_bytes=6442450944 window_bytes=6442450944 offset_bytes=0 move_step_bytes=4194304 move_min_offset_bytes=0 move_max_offset_bytes=0 move_policy=fixed
duration_ms=200000 sample_ms=1000 move_interval_ms=1000 csv=1 quiet=0 emit_summary=1
ops_per_pass=0 pause_ns=0 pc_pattern=random bw_stride=512 bw_block_bytes=4096 bw_shared_window=1 hotset_pages=196608 hot_prob_pct=90 hotset_read_pct=100 hotset_write_pct=0 hotset_rmw_pct=0 hotset_index_mode=xorshift hotset_prefault_node=-1
index_kernel=rmw index_distribution=uniform index_zipf_alpha=1.200 index_cluster_bytes=2097152 index_cluster_span_ops=4096 index_segments=8 index_segment_span_ops=4096
placement=none nodes=
total_threads=8 pc_threads=0 bw_threads=8 pc_chains=1 local_node=-1 remote_node=-1 window_split_local_bytes=0 strict=0
--- sample t=10s 2026-05-20T02:16:36Z
cgroup.procs=1983 1986 1987 1988 
memory.current=6457761792
running 0
wake_count 0
run_count 0
pending_nodes 
inflight_nodes 
mode 0
node0_capacity 524288
node0_low_wmark 498073
node0_high_wmark 513802
node0_usage_lru 513766
node0_usage_exact 513802
node0_over_high 1
node0_failures 0
node0_cooldown_ms 0
node1_capacity 0
node1_low_wmark 0
node1_high_wmark 0
node1_usage_lru 1059152
node1_usage_exact 1059192
node1_over_high 0
node1_failures 0
node1_cooldown_ms 0
anon N0=2104524800 N1=4338446336
inactive_anon N0=0 N1=0
active_anon N0=2104385536 N1=4338286592
workingset_refault_anon N0=0 N1=0
workingset_activate_anon N0=0 N1=0
workingset_restore_anon N0=0 N1=0
pgdemote_kswapd N0=0 N1=0
pgdemote_direct N0=0 N1=0
pgdemote_khugepaged N0=0 N1=0
pgdemote_proactive N0=0 N1=0
pgpromote_success N0=0 N1=0
pgpromote_success 0
pgpromote_candidate 0
pgpromote_candidate_nrl 0
pgdemote_kswapd 0
pgdemote_direct 0
pgdemote_khugepaged 0
pgdemote_proactive 0
numa_hint_faults 0
numa_hint_faults_local 0
pgdemote_promoted 0
pgdemote_promoted_referenced 0
pgpromote_candidate_demoted 0
warmup_complete elapsed_s=20.000 measurement_s=200.000
time_ms,ops_total,ops_delta,bytes_total,bytes_delta,window_offset
0,0,0,0,0,0
1000,828899328,828899328,6631194624,6631194624,0
--- sample t=25s 2026-05-20T02:16:51Z
cgroup.procs=1983 1986 1987 1988 
memory.current=6457757696
running 0
wake_count 0
run_count 0
pending_nodes 
inflight_nodes 
mode 0
node0_capacity 524288
node0_low_wmark 498073
node0_high_wmark 513802
node0_usage_lru 513800
node0_usage_exact 513802
node0_over_high 1
node0_failures 0
node0_cooldown_ms 0
node1_capacity 0
node1_low_wmark 0
node1_high_wmark 0
node1_usage_lru 1059191
node1_usage_exact 1059192
node1_over_high 0
node1_failures 0
node1_cooldown_ms 0
anon N0=2104524800 N1=4338446336
inactive_anon N0=0 N1=0
active_anon N0=2104524800 N1=4338442240
workingset_refault_anon N0=0 N1=0
workingset_activate_anon N0=0 N1=0
workingset_restore_anon N0=0 N1=0
pgdemote_kswapd N0=0 N1=0
pgdemote_direct N0=0 N1=0
pgdemote_khugepaged N0=0 N1=0
pgdemote_proactive N0=0 N1=0
pgpromote_success N0=0 N1=0
pgpromote_success 0
pgpromote_candidate 0
pgpromote_candidate_nrl 0
pgdemote_kswapd 0
pgdemote_direct 0
pgdemote_khugepaged 0
pgdemote_proactive 0
numa_hint_faults 0
numa_hint_faults_local 0
pgdemote_promoted 0
pgdemote_promoted_referenced 0
pgpromote_candidate_demoted 0
2000,1627914240,799014912,13023313920,6392119296,0
3000,2458386432,830472192,19667091456,6643777536,0
4000,3288858624,830472192,26310868992,6643777536,0
5000,4119330816,830472192,32954646528,6643777536,0
6000,4948230144,828899328,39585841152,6631194624,0
7000,5789712384,841482240,46317699072,6731857920,0
8000,6618611712,828899328,52948893696,6631194624,0
9000,7449083904,830472192,59592671232,6643777536,0
10000,8279556096,830472192,66236448768,6643777536,0
11000,9102163968,822607872,72817311744,6580862976,0
12000,9927917568,825753600,79423340544,6606028800,0
13000,10753671168,825753600,86029369344,6606028800,0
14001,11580997632,827326464,92647981056,6618611712,0
15000,12409896960,828899328,99279175680,6631194624,0
16000,13252952064,843055104,106023616512,6744440832,0
17000,14081851392,828899328,112654811136,6631194624,0
18000,14912323584,830472192,119298588672,6643777536,0
19000,15742795776,830472192,125942366208,6643777536,0
20000,16585850880,843055104,132686807040,6744440832,0
21000,17414750208,828899328,139318001664,6631194624,0
22000,18242076672,827326464,145936613376,6618611712,0
23000,19072548864,830472192,152580390912,6643777536,0
24000,19903021056,830472192,159224168448,6643777536,0
25000,20746076160,843055104,165968609280,6744440832,0
26000,21576548352,830472192,172612386816,6643777536,0
--- sample t=50s 2026-05-20T02:17:16Z
cgroup.procs=1983 1986 1987 1988 
memory.current=6457524224
running 0
wake_count 0
run_count 0
pending_nodes 
inflight_nodes 
mode 0
node0_capacity 524288
node0_low_wmark 498073
node0_high_wmark 513802
node0_usage_lru 513800
node0_usage_exact 513800
node0_over_high 0
node0_failures 0
node0_cooldown_ms 0
node1_capacity 0
node1_low_wmark 0
node1_high_wmark 0
node1_usage_lru 1059192
node1_usage_exact 1059192
node1_over_high 0
node1_failures 0
node1_cooldown_ms 0
anon N0=2104524800 N1=4338446336
inactive_anon N0=0 N1=0
active_anon N0=2104524800 N1=4338446336
workingset_refault_anon N0=0 N1=0
workingset_activate_anon N0=0 N1=0
workingset_restore_anon N0=0 N1=0
pgdemote_kswapd N0=0 N1=0
pgdemote_direct N0=0 N1=0
pgdemote_khugepaged N0=0 N1=0
pgdemote_proactive N0=0 N1=0
pgpromote_success N0=0 N1=0
pgpromote_success 0
pgpromote_candidate 0
pgpromote_candidate_nrl 0
pgdemote_kswapd 0
pgdemote_direct 0
pgdemote_khugepaged 0
pgdemote_proactive 0
numa_hint_faults 0
numa_hint_faults_local 0
pgdemote_promoted 0
pgdemote_promoted_referenced 0
pgpromote_candidate_demoted 0
27000,22377136128,800587776,179017089024,6404702208,0
28001,23207608320,830472192,185660866560,6643777536,0
29000,24038080512,830472192,192304644096,6643777536,0
30000,24881135616,843055104,199049084928,6744440832,0
31000,25711607808,830472192,205692862464,6643777536,0
32000,26540507136,828899328,212324057088,6631194624,0
33000,27370979328,830472192,218967834624,6643777536,0
34000,28214034432,843055104,225712275456,6744440832,0
35000,29039788032,825753600,232318304256,6606028800,0
36000,29867114496,827326464,238936915968,6618611712,0
37000,30692868096,825753600,245542944768,6606028800,0
38001,31523340288,830472192,252186722304,6643777536,0
39000,32364822528,841482240,258918580224,6731857920,0
40000,33193721856,828899328,265549774848,6631194624,0
41000,34024194048,830472192,272193552384,6643777536,0
42000,34864103424,839909376,278912827392,6719275008,0
43000,35694575616,830472192,285556604928,6643777536,0
44000,36525047808,830472192,292200382464,6643777536,0
45000,37368102912,843055104,298944823296,6744440832,0
46000,38198575104,830472192,305588600832,6643777536,0
47000,39027474432,828899328,312219795456,6631194624,0
48000,39870529536,843055104,318964236288,6744440832,0
49001,40701001728,830472192,325608013824,6643777536,0
50000,41531473920,830472192,332251791360,6643777536,0
51000,42372956160,841482240,338983649280,6731857920,0
--- sample t=75s 2026-05-20T02:17:41Z
cgroup.procs=1983 1986 1987 1988 
memory.current=6457266176
running 0
wake_count 0
run_count 0
pending_nodes 
inflight_nodes 
mode 0
node0_capacity 524288
node0_low_wmark 498073
node0_high_wmark 513802
node0_usage_lru 513800
node0_usage_exact 513800
node0_over_high 0
node0_failures 0
node0_cooldown_ms 0
node1_capacity 0
node1_low_wmark 0
node1_high_wmark 0
node1_usage_lru 1059192
node1_usage_exact 1059192
node1_over_high 0
node1_failures 0
node1_cooldown_ms 0
anon N0=2104524800 N1=4338446336
inactive_anon N0=0 N1=0
active_anon N0=2104524800 N1=4338446336
workingset_refault_anon N0=0 N1=0
workingset_activate_anon N0=0 N1=0
workingset_restore_anon N0=0 N1=0
pgdemote_kswapd N0=0 N1=0
pgdemote_direct N0=0 N1=0
pgdemote_khugepaged N0=0 N1=0
pgdemote_proactive N0=0 N1=0
pgpromote_success N0=0 N1=0
pgpromote_success 0
pgpromote_candidate 0
pgpromote_candidate_nrl 0
pgdemote_kswapd 0
pgdemote_direct 0
pgdemote_khugepaged 0
pgdemote_proactive 0
numa_hint_faults 0
numa_hint_faults_local 0
pgdemote_promoted 0
pgdemote_promoted_referenced 0
pgpromote_candidate_demoted 0
52000,43173543936,800587776,345388351488,6404702208,0
53000,44004016128,830472192,352032129024,6643777536,0
54000,44847071232,843055104,358776569856,6744440832,0
55000,45677543424,830472192,365420347392,6643777536,0
56000,46520598528,843055104,372164788224,6744440832,0
--- bench wait rc=124 2026-05-20T02:17:46Z
--- reclaimd after
running 0
wake_count 0
run_count 0
pending_nodes 
inflight_nodes 
mode 0
node0_capacity 524288
node0_low_wmark 498073
node0_high_wmark 513802
node0_usage_lru 513800
node0_usage_exact 3
node0_over_high 0
node0_failures 0
node0_cooldown_ms 0
node1_capacity 0
node1_low_wmark 0
node1_high_wmark 0
node1_usage_lru 1059192
node1_usage_exact 1
node1_over_high 0
node1_failures 0
node1_cooldown_ms 0
--- numa after
anon N0=0 N1=0
inactive_anon N0=0 N1=0
active_anon N0=0 N1=0
workingset_refault_anon N0=0 N1=0
workingset_activate_anon N0=0 N1=0
workingset_restore_anon N0=0 N1=0
pgdemote_kswapd N0=0 N1=0
pgdemote_direct N0=0 N1=0
pgdemote_khugepaged N0=0 N1=0
pgdemote_proactive N0=0 N1=0
pgpromote_success N0=0 N1=0
--- vmstat delta
pgpromote_success 0
pgpromote_candidate 0
pgpromote_candidate_nrl 0
pgdemote_kswapd 0
pgdemote_direct 0
pgdemote_khugepaged 0
pgdemote_proactive 0
numa_hint_faults 0
numa_hint_faults_local 0
pgdemote_promoted 0
pgdemote_promoted_referenced 0
pgpromote_candidate_demoted 0
