================================================================================
                   __   __ ___________                 _                        
                   \ \ / //  ___| ___ \               | |                       
                    \ V / \ `--.| |_/ / ___ _ __   ___| |__                     
                    /   \  `--. \ ___ \/ _ \ '_ \ / __| '_ \                    
                   / /^\ \/\__/ / |_/ /  __/ | | | (__| | | |                   
                   \/   \/\____/\____/ \___|_| |_|\___|_| |_|                   

================================================================================
                    Developed at Argonne National Laboratory
                                   Version: 20
================================================================================
                                  INPUT SUMMARY
================================================================================
Simulation Method:            History Based
Grid Type:                    Unionized Grid
Materials:                    12
H-M Benchmark Size:           large
Total Nuclides:               355
Gridpoints (per Nuclide):     130,000
Unionized Energy Gridpoints:  46,150,000
Particle Histories:           30,000,000
XS Lookups per Particle:      34
Total XS Lookups:             34
Threads:                      32
Est. Memory Usage (MB):       64,962
Binary File Mode:             Off
================================================================================
                         INITIALIZATION - DO NOT PROFILE
================================================================================
Intializing nuclide grids...
Intializing unionized grid...
Intializing material data...
Intialization complete. Allocated 64962 MB of data.

================================================================================
                                   SIMULATION
================================================================================
Beginning history based simulation...

Simulation complete.
================================================================================
                                     RESULTS
================================================================================
Threads:     32
Runtime:     730.823 seconds
Lookups:     1,020,000,000
Lookups/s:   1,395,686
Verification checksum: 888279 (No built-in reference for custom configuration)
================================================================================
