	Command being timed: "./converter -g28 -b benchmark/graphs/kron_g28.sg"
	User time (seconds): 4096.87
	System time (seconds): 100.05
	Percent of CPU this job got: 2605%
	Elapsed (wall clock) time (h:mm:ss or m:ss): 2:41.07
	Average shared text size (kbytes): 0
	Average unshared data size (kbytes): 0
	Average stack size (kbytes): 0
	Average total size (kbytes): 0
	Maximum resident set size (kbytes): 73984776
	Average resident set size (kbytes): 0
	Major (requiring I/O) page faults: 0
	Minor (reclaiming a frame) page faults: 28467059
	Voluntary context switches: 345
	Involuntary context switches: 24082
	Swaps: 0
	File system inputs: 0
	File system outputs: 70384312
	Socket messages sent: 0
	Socket messages received: 0
	Signals delivered: 0
	Page size (bytes): 4096
	Exit status: 0
